5 15
2320 -76 -927 -2962 664 -5129 -3824 1116 2858 -1412 -6316 -3081 777 -4287 -1023
-3913 -5649 -6864 -4471 -2365 -3448 -6356 -5751 -4146 -5055 -112 -5214 -3395 -4077 -7206
-1928 -4773 674 -428 -3600 -323 1388 -3659 988 -3458 1723 2738 1480 -2615 -2050
805 -468 938 4202 -1893 2533 2513 2143 -1008 2336 -2050 1990 -1721 -5740 -4594
-2970 -5719 -844 -4815 -6122 -6200 -8284 -4201 -4202 -2765 -3617 -7191 -4714 -7802 -9948