10 1
-1407
53692
-728
1225
6839
-2109
1277
-1037
2115
-2256