10 1
830
0
6485
3232
22998
-233
1811
529
5441
-6142