10 1
-649
0
114
45492
164
4515
-1733
1154
704
-498