Two classifications:
2
2
Two classifications:
2
48
Two classifications:
48
48
