Test,Result,ALU_Sel,Input_A,Input_B
00000000,10101011110011010000000000000000,0111,11111111111111110000000000000000,10101011110011010000000000000000
00000001,00000000000000000001000000010000,0111,00010000000100000001000000010000,00000000000000000001000000010000
00000010,11111111111111110000000000000000,0110,11111111111111110000000000000000,10101011110011010000000000000000
00000011,00010000000100000001000000010000,0110,00010000000100000001000000010000,00000000000000000001000000010000
00000100,01010100001100100000000000000000,0100,11111111111111110000000000000000,10101011110011010000000000000000
00000101,00010000000100000000000000000000,0100,00010000000100000001000000010000,00000000000000000001000000010000
