Test,Result,ALU_Sel,Input_A,Input_B
00000000,00000000000000000000000000000001,0010,11111111111111111010101111001101,00000000000000000000000000000101
00000001,00000000000000000000000000000000,0010,00000000000000000000000000000101,11111111111111111010101111001101
00000010,00000000000000000000000000000001,1100,00000000000000000000000000000100,00000000000000000000000000000011
00000011,11111111111100001111111111111110,1100,11111111111100000000000000000111,11111111111111110000000000001001
00000100,00000000000000000000000000000001,1111,10001000110111001101100100000010,00000000000000000000000000000001
00000101,00000000000000000000000000000010,1111,11111000000110011100110101110010,00000000000000000000000000000010
