Test,Result,ALU_Sel,Input_A,Input_B
00000000,00000000011110010001101000101011,0101,11110010001101000101011001111111,00000000000000000000000000001001
00000001,00000000011110010001101000101011,0101,11110010001101000101011001111111,00000000000000000000111111101001
00000010,11110010001101000101011001111111,1101,11110010001101000101011001111111,00000000000000000000100100000000
00000011,11111111111110010001101000101011,1101,11110010001101000101011001111111,00000000000000000000111111101001
00000100,01101000101011001111111000000000,0001,11110010001101000101011001111111,00000000000000000000000000001001
00000101,01101000101011001111111000000000,0001,11110010001101000101011001111111,00000000000000000000111111101001
