Test,Result,ALU_Sel,Input_A,Input_B
00000000,00000000000000000010111100101111,0000,00000000000000000010000000100000,00000000000000000000111100001111
00000001,11111111111111111001110110011100,0000,11111111111111111101111010101101,11111111111111111011111011101111
00000010,00000000000000001000000000000000,0000,00000000000000000111111111111111,00000000000000000000000000000001
00000011,00000000000000000000000000000000,0000,00000000000000000000000000000000,00000000000000000000000000000000
